2025-04-29 22:47:31,647 INFO: Lost and Found Application startup [in C:\Users\Aman A K\Documents\LOST AND FOUND APPLICATION\backend\app\__init__.py:47]
2025-04-29 22:47:31,934 INFO: Creating database tables... [in C:\Users\Aman A K\Documents\LOST AND FOUND APPLICATION\backend\app\__init__.py:70]
2025-04-29 22:47:31,936 ERROR: Error during application initialization: (sqlite3.OperationalError) unable to open database file
(Background on this error at: https://sqlalche.me/e/20/e3q8) [in C:\Users\Aman A K\Documents\LOST AND FOUND APPLICATION\backend\app\__init__.py:91]
2025-04-29 23:06:20,786 INFO: Lost and Found Application startup [in C:\Users\Aman A K\Documents\LOST AND FOUND APPLICATION\backend\app\__init__.py:47]
2025-04-29 23:06:21,061 INFO: Creating database tables... [in C:\Users\Aman A K\Documents\LOST AND FOUND APPLICATION\backend\app\__init__.py:70]
2025-04-29 23:06:21,071 INFO: Initializing database... [in C:\Users\Aman A K\Documents\LOST AND FOUND APPLICATION\backend\app\__init__.py:73]
2025-04-29 23:06:21,073 INFO: Starting database initialization... [in C:\Users\Aman A K\Documents\LOST AND FOUND APPLICATION\backend\app\utils\init_db.py:11]
2025-04-29 23:06:21,086 INFO: Admin user already exists [in C:\Users\Aman A K\Documents\LOST AND FOUND APPLICATION\backend\app\utils\init_db.py:36]
2025-04-29 23:06:21,086 INFO: Database initialization completed successfully! [in C:\Users\Aman A K\Documents\LOST AND FOUND APPLICATION\backend\app\utils\init_db.py:40]
2025-04-29 23:06:21,087 INFO: Starting scheduler... [in C:\Users\Aman A K\Documents\LOST AND FOUND APPLICATION\backend\app\__init__.py:77]
2025-04-29 23:06:21,096 INFO: Application initialization completed successfully [in C:\Users\Aman A K\Documents\LOST AND FOUND APPLICATION\backend\app\__init__.py:88]
2025-04-29 23:07:21,224 ERROR: Failed to send email: (535, b'5.7.8 Username and Password not accepted. For more information, go to\n5.7.8  https://support.google.com/mail/?p=BadCredentials 41be03b00d2f7-b15fa80fbaasm9294521a12.49 - gsmtp') [in C:\Users\Aman A K\Documents\LOST AND FOUND APPLICATION\backend\app\utils\email.py:17]
2025-04-29 23:09:59,530 ERROR: Failed to send email: (535, b'5.7.8 Username and Password not accepted. For more information, go to\n5.7.8  https://support.google.com/mail/?p=BadCredentials d9443c01a7336-22db5216ba5sm105692295ad.222 - gsmtp') [in C:\Users\Aman A K\Documents\LOST AND FOUND APPLICATION\backend\app\utils\email.py:17]
2025-04-29 23:25:35,185 ERROR: Failed to send email: (535, b'5.7.8 Username and Password not accepted. For more information, go to\n5.7.8  https://support.google.com/mail/?p=BadCredentials d2e1a72fcca58-73e25912b9asm10188817b3a.22 - gsmtp') [in C:\Users\Aman A K\Documents\LOST AND FOUND APPLICATION\backend\app\utils\email.py:17]
2025-04-30 12:55:54,836 INFO: Lost and Found Application startup [in C:\Users\Aman A K\Documents\LOST AND FOUND APPLICATION\backend\app\__init__.py:47]
2025-04-30 12:55:55,199 INFO: Creating database tables... [in C:\Users\Aman A K\Documents\LOST AND FOUND APPLICATION\backend\app\__init__.py:70]
2025-04-30 12:55:55,208 INFO: Initializing database... [in C:\Users\Aman A K\Documents\LOST AND FOUND APPLICATION\backend\app\__init__.py:73]
2025-04-30 12:55:55,211 INFO: Starting database initialization... [in C:\Users\Aman A K\Documents\LOST AND FOUND APPLICATION\backend\app\utils\init_db.py:11]
2025-04-30 12:55:55,233 INFO: Admin user already exists [in C:\Users\Aman A K\Documents\LOST AND FOUND APPLICATION\backend\app\utils\init_db.py:36]
2025-04-30 12:55:55,234 INFO: Database initialization completed successfully! [in C:\Users\Aman A K\Documents\LOST AND FOUND APPLICATION\backend\app\utils\init_db.py:40]
2025-04-30 12:55:55,234 INFO: Starting scheduler... [in C:\Users\Aman A K\Documents\LOST AND FOUND APPLICATION\backend\app\__init__.py:77]
2025-04-30 12:55:55,243 INFO: Application initialization completed successfully [in C:\Users\Aman A K\Documents\LOST AND FOUND APPLICATION\backend\app\__init__.py:88]
2025-04-30 14:44:08,058 INFO: Lost and Found Application startup [in C:\Users\Aman A K\Documents\LOST AND FOUND APPLICATION\backend\app\__init__.py:47]
2025-04-30 14:44:08,155 INFO: Creating database tables... [in C:\Users\Aman A K\Documents\LOST AND FOUND APPLICATION\backend\app\__init__.py:70]
2025-04-30 14:44:08,164 INFO: Initializing database... [in C:\Users\Aman A K\Documents\LOST AND FOUND APPLICATION\backend\app\__init__.py:73]
2025-04-30 14:44:08,166 INFO: Starting database initialization... [in C:\Users\Aman A K\Documents\LOST AND FOUND APPLICATION\backend\app\utils\init_db.py:11]
2025-04-30 14:44:08,174 INFO: Admin user already exists [in C:\Users\Aman A K\Documents\LOST AND FOUND APPLICATION\backend\app\utils\init_db.py:36]
2025-04-30 14:44:08,174 INFO: Database initialization completed successfully! [in C:\Users\Aman A K\Documents\LOST AND FOUND APPLICATION\backend\app\utils\init_db.py:40]
2025-04-30 14:44:08,175 INFO: Starting scheduler... [in C:\Users\Aman A K\Documents\LOST AND FOUND APPLICATION\backend\app\__init__.py:77]
2025-04-30 14:44:08,179 INFO: Application initialization completed successfully [in C:\Users\Aman A K\Documents\LOST AND FOUND APPLICATION\backend\app\__init__.py:88]
